******************************
-> Request
/create_poll
cron: 0 0 0 * * WED
message: Test poll
options: 
1. Yes - participant
2. Noooooo
3. Hell yeah 12123
4. ;.!@#$%^&*()(_+=<>.,/{}[]`~
5. I don't know

-> Response
Poll created.
Will be triggered next WEDNESDAY                   

******************************
-> Received
Test poll
1. 'Yes'
2. 'Noooooo'
3. 'Hell yeah 12123'
4. ';.!@#$%^&*()(_+=<>.,/{}[]`~'
5. 'I don't know'                   

******************************
-> Request
/stop_poll

-> Response
Poll stopped