******************************
-> Request
/create_poll
message: Test poll
                
options:
Yes - participant

-> Response
Schedule cron should be populated