******************************
-> Request
/create_poll
message: Test poll
cron: * * * * * *
options:
                

-> Response
No options found