******************************
-> Request
/bounty_game
stack: 10k
bounty: 10
buyin: 10
@nickname1
@nickASDame2
@nickname3
@nickname3
-> Response
cash game                   

******************************
-> Request
/game_stats
-> Response
Can't process command                   