******************************
-> Request
/bounty_game
buyin: 10
bounty: 10
@nickname1, @nickname2, @nickname3, @nickname4, @nickname5, @me

-> Response
Bounty tournament game started.                   

******************************
-> Request
/calculate

-> Response
No finale places specified, can't calculate finale summary.