******************************
-> Request
/bounty_game
buyin: 10
bounty: 10
@nickname1, @nickname2, @nickname3, @nickname4, @nickname5, @nickname6, @nickname7, @me

-> Response
Bounty tournament game started.                   

******************************
-> Request
/pp 
1. 90%, 2. 50%

-> Response
Prize pool total percentage should be 100%. Current 140%                   

******************************
-> Request
/finale_places
1 @nickname1

-> Response
Finale places stored:
1. @nickname1                   

******************************
-> Request
/calculate

-> Response
No prize pool specified, can't calculate finale summary.