******************************
-> Request
/bounty_game
buyin: 10
bounty: 10
@me, @nickname

-> Response
Bounty tournament game started.                   

******************************
-> Request
/bounty @me kicked @nickname

-> Response
Bounty amount 10.00 from @nickname stored for @jackie_rau                   

******************************
-> Request
/bounty @me kicked @nickname

-> Response
@nickname knocked off from the game                   

******************************
-> Request
/calculate

-> Response
No finale places specified, can't calculate finale summary.