******************************
-> Request
/bounty_game
buyin: 10
bounty: 10
@nickname1, @nickname2, @nickname3, @nickname4, @nickname5, @me

-> Response
Bounty tournament game started.                   

******************************
-> Request
/prize_pool
1 100%

-> Response
Prize pool stored:
1. 100%                   

******************************
-> Request
/finale_places
1 @nickname1, 2 @nickname2

-> Response
Finale places stored:
1. @nickname1
2. @nickname2                   

******************************
-> Request
/calculate

-> Response
Finale places and prize pool should be same size