[ {
  "creditor" : "jackie_rau",
  "entries" : 10,
  "total" : 72,
  "debtors" : [ {
    "debtor" : "refugia_koss",
    "debt" : 10,
    "entries" : 10
  }, {
    "debtor" : "deb_becker",
    "debt" : 10,
    "entries" : 10
  }, {
    "debtor" : "perry_hessel",
    "debt" : 10,
    "entries" : 10
  }, {
    "debtor" : "hope_wehner",
    "debt" : 10,
    "entries" : 10
  }, {
    "debtor" : "stanton_boyer",
    "debt" : 10,
    "entries" : 10
  }, {
    "debtor" : "ashlee_lang",
    "debt" : 10,
    "entries" : 10
  }, {
    "debtor" : "santo_welch",
    "debt" : 10,
    "entries" : 10
  }, {
    "debtor" : "donya_willms",
    "debt" : 2,
    "entries" : 10
  } ]
}, {
  "creditor" : "terisa_johnston",
  "entries" : 10,
  "total" : 18,
  "debtors" : [ {
    "debtor" : "ronnie_schuppe",
    "debt" : 10,
    "entries" : 10
  }, {
    "debtor" : "donya_willms",
    "debt" : 8,
    "entries" : 10
  } ]
} ]