******************************
-> Poll interaction
jackie_rau chosen 2

******************************
-> Poll interaction
terisa_johnston chosen 2

******************************
-> Poll interaction
santo_welch chosen 3

******************************
-> Request
[reply to chatPoll]
/tournament_game
buyin: 10


-> Response
Message should contain at least one person mention                   

******************************
-> Request
[reply to /create_poll]
/stop_poll

-> Response
Message doesn't contain any attached messages. 
Please reply to poll creation message to stop poll