******************************
-> Request
/create_poll
cron: 0 0 0 * * WED
message: Test poll
options: 
1. Yes - participant
2. No
3. I don't know

-> Response
Poll created.
Will be triggered next WEDNESDAY                   

******************************
-> Received
Test poll
1. 'Yes'
2. 'No'
3. 'I don't know'                   

******************************
-> Poll interaction
jackie_rau chosen 2

******************************
-> Poll interaction
terisa_johnston chosen 2

******************************
-> Poll interaction
santo_welch chosen 3

******************************
-> Request
[reply to chatPoll]
/tournament_game
buyin: 10


-> Response
Game participants not found according to poll                   

******************************
-> Request
[reply to /create_poll]
/stop_poll

-> Response
Poll stopped