******************************
-> Request
/cash_game
buyin: 10

@me, @nickname1

-> Response
Cash game started.                   

******************************
-> Request
/player_stats

-> Response
@hong_beer game statistics:
entries: 10.00
entries number: 1
withdrawals: 0
game total: -10.00                   

******************************
-> Request
/entry @me 30

-> Response
Stored entries: 
  - @hong_beer -> 30                   

******************************
-> Request
/player_stats

-> Response
@hong_beer game statistics:
entries: 40.00
entries number: 2
withdrawals: 0
game total: -40.00                   

******************************
-> Request
/withdrawal @me 30

-> Response
Stored withdrawals: 
  - @hong_beer -> 30                   

******************************
-> Request
/player_stats

-> Response
@hong_beer game statistics:
entries: 40.00
entries number: 2
withdrawals: 30.00
game total: -10.00                   

******************************
-> Request
/withdrawal @me 20

-> Response
Stored withdrawals: 
  - @hong_beer -> 20                   

******************************
-> Request
/player_stats

-> Response
@hong_beer game statistics:
entries: 40.00
entries number: 2
withdrawals: 50.00
game total: 10.00