[ {
  "creditor" : {
    "person" : {
      "id" : "73bb1c75-b789-3aa9-a36d-2ecb25c3c786",
      "firstname" : "Lucius",
      "lastname" : "Barton",
      "nickname" : "elizabet_roob"
    },
    "entries" : [ 10 ]
  },
  "total" : 60,
  "debtors" : [ {
    "player" : {
      "person" : {
        "id" : "64d9b3fb-d01c-3e4b-8bfc-eddc12b6f408",
        "firstname" : "Miguel",
        "lastname" : "Marquardt",
        "nickname" : "mike_schaefer"
      },
      "entries" : [ 10 ]
    },
    "debt" : 10
  }, {
    "player" : {
      "person" : {
        "id" : "2e1b54ad-1289-3335-b6f4-5f44a7054caf",
        "firstname" : "Maximo",
        "lastname" : "Beahan",
        "nickname" : "roselle_swaniawski"
      },
      "entries" : [ 10 ]
    },
    "debt" : 10
  }, {
    "player" : {
      "person" : {
        "id" : "85d11820-8768-3bb8-b79a-17513e7cc61c",
        "firstname" : "Nestor",
        "lastname" : "Leannon",
        "nickname" : "mathew_conroy"
      },
      "entries" : [ 10 ]
    },
    "debt" : 10
  }, {
    "player" : {
      "person" : {
        "id" : "ce0eb1b8-dd5d-3ad5-a58b-df47a08c02f8",
        "firstname" : "Rolf",
        "lastname" : "Cartwright",
        "nickname" : "cassie_renner"
      },
      "entries" : [ 10 ]
    },
    "debt" : 10
  }, {
    "player" : {
      "person" : {
        "id" : "314ade31-c74e-3084-95a2-0253ffd2bc49",
        "firstname" : "Mollie",
        "lastname" : "Koss",
        "nickname" : "deangelo_price"
      },
      "entries" : [ 10 ]
    },
    "debt" : 10
  }, {
    "player" : {
      "person" : {
        "id" : "cd15fd4b-36e1-34ac-97fd-9c49d1862469",
        "firstname" : "Alita",
        "lastname" : "Rice",
        "nickname" : "marlyn_vandervort"
      },
      "entries" : [ 10 ]
    },
    "debt" : 10
  } ]
}, {
  "creditor" : {
    "person" : {
      "id" : "a8ad8d53-3fd3-31a2-8330-24e2d1b70d3f",
      "firstname" : "Mark",
      "lastname" : "Crooks",
      "nickname" : "ronnie_brekke"
    },
    "entries" : [ 10 ]
  },
  "total" : 20,
  "debtors" : [ {
    "player" : {
      "person" : {
        "id" : "4dafdca7-0e97-3f1b-8089-2acfdb7bef18",
        "firstname" : "Shawanna",
        "lastname" : "Pfeffer",
        "nickname" : "georgette_quigley"
      },
      "entries" : [ 10 ]
    },
    "debt" : 10
  }, {
    "player" : {
      "person" : {
        "id" : "90cbbea9-e9f3-3b97-8387-727b2ad67b96",
        "firstname" : "Gladys",
        "lastname" : "Borer",
        "nickname" : "danilo_murray"
      },
      "entries" : [ 10 ]
    },
    "debt" : 10
  } ]
} ]