[ {
  "creditor" : "terisa_johnston",
  "entries" : 10,
  "total" : 109,
  "debtors" : [ {
    "debtor" : "latrisha_torp",
    "debt" : 40,
    "entries" : 40
  }, {
    "debtor" : "thaddeus_orn",
    "debt" : 30,
    "entries" : 30
  }, {
    "debtor" : "simon_tremblay",
    "debt" : 10,
    "entries" : 10
  }, {
    "debtor" : "vesta_monahan",
    "debt" : 10,
    "entries" : 10
  }, {
    "debtor" : "loria_block",
    "debt" : 10,
    "entries" : 10
  }, {
    "debtor" : "lance_crooks",
    "debt" : 9,
    "entries" : 10
  } ]
}, {
  "creditor" : "risa_huels",
  "entries" : 10,
  "total" : 41,
  "debtors" : [ {
    "debtor" : "arleen_kautzer",
    "debt" : 10,
    "entries" : 10
  }, {
    "debtor" : "erich_mayer",
    "debt" : 10,
    "entries" : 10
  }, {
    "debtor" : "jami_nolan",
    "debt" : 10,
    "entries" : 10
  }, {
    "debtor" : "carlo_bernier",
    "debt" : 10,
    "entries" : 10
  }, {
    "debtor" : "lance_crooks",
    "debt" : 1,
    "entries" : 10
  } ]
} ]