[ {
  "creditor" : "terrence_hyatt",
  "entries" : 30,
  "total" : 123,
  "debtors" : [ {
    "debtor" : "lucina_kihn",
    "debt" : 23,
    "entries" : 40
  }, {
    "debtor" : "bernadette_balistreri",
    "debt" : 10,
    "entries" : 10
  }, {
    "debtor" : "shalon_cormier",
    "debt" : 10,
    "entries" : 10
  }, {
    "debtor" : "ayesha_schmitt",
    "debt" : 10,
    "entries" : 10
  }, {
    "debtor" : "elbert_deckow",
    "debt" : 10,
    "entries" : 10
  }, {
    "debtor" : "catherin_abbott",
    "debt" : 10,
    "entries" : 10
  }, {
    "debtor" : "paige_gutmann",
    "debt" : 10,
    "entries" : 10
  }, {
    "debtor" : "ward_turner",
    "debt" : 10,
    "entries" : 10
  }, {
    "debtor" : "claudine_lind",
    "debt" : 10,
    "entries" : 10
  }, {
    "debtor" : "kylie_runolfsdottir",
    "debt" : 10,
    "entries" : 10
  }, {
    "debtor" : "geraldo_bailey",
    "debt" : 10,
    "entries" : 10
  } ]
} ]