[ {
  "creditor" : "gonzalo_powlowski",
  "entries" : 10,
  "total" : 72,
  "debtors" : [ {
    "debtor" : "refugio_fay",
    "debt" : 10,
    "entries" : 10
  }, {
    "debtor" : "gaye_grimes",
    "debt" : 10,
    "entries" : 10
  }, {
    "debtor" : "bernardo_reichert",
    "debt" : 10,
    "entries" : 10
  }, {
    "debtor" : "lowell_pacocha",
    "debt" : 10,
    "entries" : 10
  }, {
    "debtor" : "renato_hilpert",
    "debt" : 10,
    "entries" : 10
  }, {
    "debtor" : "willis_wehner",
    "debt" : 10,
    "entries" : 10
  }, {
    "debtor" : "dotty_predovic",
    "debt" : 10,
    "entries" : 10
  }, {
    "debtor" : "marlin_toy",
    "debt" : 2,
    "entries" : 10
  } ]
}, {
  "creditor" : "francesca_conroy",
  "entries" : 10,
  "total" : 18,
  "debtors" : [ {
    "debtor" : "hiram_sanford",
    "debt" : 10,
    "entries" : 10
  }, {
    "debtor" : "marlin_toy",
    "debt" : 8,
    "entries" : 10
  } ]
} ]