[ {
  "creditor" : "jani_aufderhar",
  "entries" : 10,
  "total" : 60,
  "debtors" : [ {
    "debtor" : "elidia_nienow",
    "debt" : 10,
    "entries" : 10
  }, {
    "debtor" : "lee_herzog",
    "debt" : 10,
    "entries" : 10
  }, {
    "debtor" : "john_gulgowski",
    "debt" : 10,
    "entries" : 10
  }, {
    "debtor" : "holly_grimes",
    "debt" : 10,
    "entries" : 10
  }, {
    "debtor" : "omer_runolfsson",
    "debt" : 10,
    "entries" : 10
  }, {
    "debtor" : "charmain_marquardt",
    "debt" : 10,
    "entries" : 10
  } ]
}, {
  "creditor" : "pearlie_larkin",
  "entries" : 10,
  "total" : 20,
  "debtors" : [ {
    "debtor" : "tifany_renner",
    "debt" : 10,
    "entries" : 10
  }, {
    "debtor" : "marcelino_gusikowski",
    "debt" : 10,
    "entries" : 10
  } ]
} ]