[ {
  "creditor" : "dotty_predovic",
  "entries" : 10,
  "total" : 60,
  "debtors" : [ {
    "debtor" : "hiram_sanford",
    "debt" : 10,
    "entries" : 10
  }, {
    "debtor" : "refugio_fay",
    "debt" : 10,
    "entries" : 10
  }, {
    "debtor" : "gaye_grimes",
    "debt" : 10,
    "entries" : 10
  }, {
    "debtor" : "bernardo_reichert",
    "debt" : 10,
    "entries" : 10
  }, {
    "debtor" : "lowell_pacocha",
    "debt" : 10,
    "entries" : 10
  }, {
    "debtor" : "renato_hilpert",
    "debt" : 10,
    "entries" : 10
  } ]
}, {
  "creditor" : "willis_wehner",
  "entries" : 10,
  "total" : 20,
  "debtors" : [ {
    "debtor" : "danny_frami",
    "debt" : 10,
    "entries" : 10
  }, {
    "debtor" : "marlin_toy",
    "debt" : 10,
    "entries" : 10
  } ]
} ]