[ {
  "creditor" : "carin_mayer",
  "entries" : 30,
  "total" : 89,
  "debtors" : [ {
    "debtor" : "sonny_larson",
    "debt" : 10,
    "entries" : 10
  }, {
    "debtor" : "angele_schinner",
    "debt" : 10,
    "entries" : 10
  }, {
    "debtor" : "harris_friesen",
    "debt" : 10,
    "entries" : 10
  }, {
    "debtor" : "hyo_langworth",
    "debt" : 10,
    "entries" : 10
  }, {
    "debtor" : "marty_beahan",
    "debt" : 10,
    "entries" : 10
  }, {
    "debtor" : "glynis_pouros",
    "debt" : 10,
    "entries" : 10
  }, {
    "debtor" : "vaughn_rosenbaum",
    "debt" : 10,
    "entries" : 10
  }, {
    "debtor" : "harley_smitham",
    "debt" : 10,
    "entries" : 10
  }, {
    "debtor" : "savannah_grimes",
    "debt" : 9,
    "entries" : 10
  } ]
}, {
  "creditor" : "claire_hamill",
  "entries" : 40,
  "total" : 11,
  "debtors" : [ {
    "debtor" : "sandee_torp",
    "debt" : 10,
    "entries" : 10
  }, {
    "debtor" : "savannah_grimes",
    "debt" : 1,
    "entries" : 10
  } ]
} ]