[ {
  "creditor" : "terisa_johnston",
  "entries" : 30,
  "won" : 89,
  "debtors" : [ {
    "debtor" : "lance_crooks",
    "debt" : 10,
    "entries" : 10
  }, {
    "debtor" : "arleen_kautzer",
    "debt" : 10,
    "entries" : 10
  }, {
    "debtor" : "erich_mayer",
    "debt" : 10,
    "entries" : 10
  }, {
    "debtor" : "jami_nolan",
    "debt" : 10,
    "entries" : 10
  }, {
    "debtor" : "carlo_bernier",
    "debt" : 10,
    "entries" : 10
  }, {
    "debtor" : "simon_tremblay",
    "debt" : 10,
    "entries" : 10
  }, {
    "debtor" : "vesta_monahan",
    "debt" : 10,
    "entries" : 10
  }, {
    "debtor" : "loria_block",
    "debt" : 10,
    "entries" : 10
  } ]
}, {
  "creditor" : "risa_huels",
  "entries" : 40,
  "won" : 11,
  "debtors" : [ {
    "debtor" : "thaddeus_orn",
    "debt" : 10,
    "entries" : 10
  } ]
} ]