******************************
-> Request
/tournament_game
buyin: 10

@me, @nickname1

-> Response
Tournament game started.                   

******************************
-> Request
/player_stats

-> Response
@hong_beer game statistics:
entries: 10.00
entries number: 1                   

******************************
-> Request
/entry @me 

-> Response
Stored entries: 
  - @hong_beer -> 10                   

******************************
-> Request
/player_stats

-> Response
@hong_beer game statistics:
entries: 20.00
entries number: 2