******************************
-> Request
/create_poll
                
                
                
                

-> Response
Schedule cron should be populated