******************************
-> Request
/cash_game
buyin: 10

@nickname1, @nickname2, @nickname3, @nickname4, @nickname5, @me

-> Response
Cash game started.                   

******************************
-> Request
/withdrawal @nickname1 20

-> Response
Stored withdrawals: 
  - @nickname1 -> 20                   

******************************
-> Request
/withdrawal @nickname2 30

-> Response
Stored withdrawals: 
  - @nickname2 -> 30                   

******************************
-> Request
/entry @nickname4 20

-> Response
Stored entries: 
  - @nickname4 -> 20                   

******************************
-> Request
/withdrawal @nickname3 30

-> Response
Stored withdrawals: 
  - @nickname3 -> 30                   

******************************
-> Request
/calculate

-> Response
-----------------------------
Payout to: @nickname2
  Entries: 10
  Withdrawals: 30
  Total: 20 
From:
  @sergio_cartwright -> 10
  @nickname5 -> 10
-----------------------------
Payout to: @nickname3
  Entries: 10
  Withdrawals: 30
  Total: 20 
From:
  @nickname4 -> 20
-----------------------------
Payout to: @nickname1
  Entries: 10
  Withdrawals: 20
  Total: 10 
From:
  @nickname4 -> 10                   