******************************
-> Request
/cash_game
buyin: 10

@nickname1, @nickname2

-> Response
Cash game started.                   

******************************
-> Request
/prize_pool
1 100%

-> Response
Prize pool is not allowed for cash game