******************************
-> Request
/cash_game
buyin: 10

@nickname1, @nickname2
-> Response
Cash game started.                   

******************************
-> Request
/calculate
-> Response
Entries and withdrawal amounts are not equal. Deviation is 20.00                   