******************************
-> Request
/cash_game
buyin: 10

@me, @nickname1

-> Response
Cash game started.                   

******************************
-> Request
/game_stats

-> Response
Cash game statistics:
  - players entered -> 2
  - total buy-in amount -> 20.00
  - total withdrawal amount -> 0
  - total in game -> 20.00                   

******************************
-> Request
/entry @me 30

-> Response
Stored entries: 
  - @hong_beer -> 30                   

******************************
-> Request
/game_stats

-> Response
Cash game statistics:
  - players entered -> 2
  - total buy-in amount -> 50.00
  - total withdrawal amount -> 0
  - total in game -> 50.00                   

******************************
-> Request
/withdrawal @me 30

-> Response
Stored withdrawals: 
  - @hong_beer -> 30                   

******************************
-> Request
/game_stats

-> Response
Cash game statistics:
  - players entered -> 2
  - total buy-in amount -> 50.00
  - total withdrawal amount -> 30.00
  - total in game -> 20.00                   

******************************
-> Request
/withdrawal @me 20

-> Response
Stored withdrawals: 
  - @hong_beer -> 20                   

******************************
-> Request
/game_stats

-> Response
Cash game statistics:
  - players entered -> 2
  - total buy-in amount -> 50.00
  - total withdrawal amount -> 50.00
  - total in game -> 0.00