******************************
-> Request
/help 

-> Response
You could use this command to get details about supported commands.
Empty command will send you this message.
Examples: 
/help
/help calculate