******************************
-> Request
/help tournament_game

-> Response
You could create a tournament game using /tournament_game command with list of players nicknames that separated with a space.
Also you should specify buy-in, stack amount.
There should be at least two players for the game
Example: 
/tournament_game
buyin: 10
stack: 10
@nickname 
@nickname