******************************
-> Request
/tournament_game
buyin: 10

@nickname1, @nickname2, @nickname3, @nickname4, @nickname5, @me

-> Response
Tournament game started.                   

******************************
-> Request
/entry @nickname3 

-> Response
Stored entries: 
  - @nickname3 -> 10                   

******************************
-> Request
/entry @nickname3 

-> Response
Stored entries: 
  - @nickname3 -> 10                   

******************************
-> Request
/prize_pool
1 50%, 2 50%

-> Response
Prize pool stored:
1. 50%
2. 50%                   

******************************
-> Request
/entry @nickname1 

-> Response
Stored entries: 
  - @nickname1 -> 10                   

******************************
-> Request
/entry @nickname1 

-> Response
Stored entries: 
  - @nickname1 -> 10                   

******************************
-> Request
/finale_places
1 @nickname1, 2 @nickname2

-> Response
Finale places stored:
1. @nickname1
2. @nickname2                   

******************************
-> Request
/entry @nickname1 

-> Response
Stored entries: 
  - @nickname1 -> 10                   

******************************
-> Request
/entry @nickname1 

-> Response
Stored entries: 
  - @nickname1 -> 10                   

******************************
-> Request
/entry @nickname1 

-> Response
Stored entries: 
  - @nickname1 -> 10                   

******************************
-> Request
/calculate

-> Response
-----------------------------
Finale summary:
  1. @nickname1 won 65
  2. @nickname2 won 65
Total: 130 (13 entries * 10 buy in)
-----------------------------
Payout to: @nickname2
  Entries: 1
  Total: 55 (won 65 - entries 10)
From:
  @nickname3 -> 30
  @nickname4 -> 10
  @hong_beer -> 10
  @nickname5 -> 5
-----------------------------
Payout to: @nickname1
  Entries: 6
  Total: 5 (won 65 - entries 60)
From:
  @nickname5 -> 5