******************************
-> Request
/tournament_game
buyin: 10

@nickname1, @nickname2, @nickname3, @nickname4, @nickname5, @me

-> Response
Tournament game started.                   

******************************
-> Request
/finale_places
1 @nickname1, 2 @nickname2

-> Response
Finale places stored:
1. @nickname1
2. @nickname2                   

******************************
-> Request
/calculate

-> Response
No prize pool specified, can't calculate finale summary.