[ {
  "creditor" : "jackie_rau",
  "entries" : 10,
  "total" : 320,
  "debtors" : [ {
    "debtor" : "erich_mayer",
    "debt" : 80,
    "entries" : 40
  }, {
    "debtor" : "donya_willms",
    "debt" : 60,
    "entries" : 30
  }, {
    "debtor" : "ronnie_schuppe",
    "debt" : 20,
    "entries" : 10
  }, {
    "debtor" : "refugia_koss",
    "debt" : 20,
    "entries" : 10
  }, {
    "debtor" : "deb_becker",
    "debt" : 20,
    "entries" : 10
  }, {
    "debtor" : "perry_hessel",
    "debt" : 20,
    "entries" : 10
  }, {
    "debtor" : "hope_wehner",
    "debt" : 20,
    "entries" : 10
  }, {
    "debtor" : "stanton_boyer",
    "debt" : 20,
    "entries" : 10
  }, {
    "debtor" : "ashlee_lang",
    "debt" : 20,
    "entries" : 10
  }, {
    "debtor" : "santo_welch",
    "debt" : 20,
    "entries" : 10
  }, {
    "debtor" : "terisa_johnston",
    "debt" : 20,
    "entries" : 10
  } ]
} ]